PS C:\vagrantproj> vagrant init centos/7
A `Vagrantfile` has been placed in this directory. You are now
ready to `vagrant up` your first virtual environment! Please read
the comments in the Vagrantfile as well as documentation on
`vagrantup.com` for more information on using Vagrant.
PS C:\vagrantproj> vagrant up
Bringing machine 'default' up with 'virtualbox' provider...
==> default: Importing base box 'centos/7'...
==> default: Matching MAC address for NAT networking...
==> default: Checking if box 'centos/7' version '2004.01' is up to date...
==> default: Setting the name of the VM: vagrantproj_default_1747634738554_22140
==> default: Clearing any previously set network interfaces...
==> default: Preparing network interfaces based on configuration...
    default: Adapter 1: nat
==> default: Forwarding ports...
    default: 22 (guest) => 2222 (host) (adapter 1)
==> default: Booting VM...
==> default: Waiting for machine to boot. This may take a few minutes...
    default: SSH address: 127.0.0.1:2222
    default: SSH username: vagrant
    default: SSH auth method: private key
    default:
    default: Vagrant insecure key detected. Vagrant will automatically replace
    default: this with a newly generated keypair for better security.
    default:
    default: Inserting generated public key within guest...
    default: Removing insecure key from the guest if it's present...
    default: Key inserted! Disconnecting and reconnecting using new SSH key...
==> default: Machine booted and ready!
==> default: Checking for guest additions in VM...
    default: No guest additions were detected on the base box for this VM! Guest
    default: additions are required for forwarded ports, shared folders, host only
    default: networking, and more. If SSH fails on this machine, please install
    default: the guest additions and repackage the box to continue.
    default:
    default: This is not an error message; everything may continue to work properly,
    default: in which case you may ignore this message.
==> default: Rsyncing folder: /cygdrive/c/vagrantproj/ => /vagrant
PS C:\vagrantproj> vagrant validate
Vagrantfile validated successfully.
PS C:\vagrantproj> mkdir ansible-controller


    Directory: C:\vagrantproj


Mode                 LastWriteTime         Length Name
----                 -------------         ------ ----
d-----        19-05-2025  11:36 AM                ansible-controller


PS C:\vagrantproj> cd ansible-controller
PS C:\vagrantproj\ansible-controller> vagrant ssh
VM must be created before running this command. Run `vagrant up` first.
PS C:\vagrantproj\ansible-controller> vagrant up
Bringing machine 'ansible-controller' up with 'virtualbox' provider...
==> ansible-controller: Importing base box 'centos/7'...
==> ansible-controller: Matching MAC address for NAT networking...
==> ansible-controller: Checking if box 'centos/7' version '2004.01' is up to date...
==> ansible-controller: Setting the name of the VM: vagrantproj_ansible-controller_1747634943421_52482
==> ansible-controller: Fixed port collision for 22 => 2222. Now on port 2200.
==> ansible-controller: Clearing any previously set network interfaces...
==> ansible-controller: Preparing network interfaces based on configuration...
    ansible-controller: Adapter 1: nat
==> ansible-controller: Forwarding ports...
    ansible-controller: 22 (guest) => 2200 (host) (adapter 1)
==> ansible-controller: Booting VM...
==> ansible-controller: Waiting for machine to boot. This may take a few minutes...
    ansible-controller: SSH address: 127.0.0.1:2200
    ansible-controller: SSH username: vagrant
    ansible-controller: SSH auth method: private key
    ansible-controller:
    ansible-controller: Vagrant insecure key detected. Vagrant will automatically replace
    ansible-controller: this with a newly generated keypair for better security.
    ansible-controller:
    ansible-controller: Inserting generated public key within guest...
    ansible-controller: Removing insecure key from the guest if it's present...
    ansible-controller: Key inserted! Disconnecting and reconnecting using new SSH key...
==> ansible-controller: Machine booted and ready!
==> ansible-controller: Checking for guest additions in VM...
    ansible-controller: No guest additions were detected on the base box for this VM! Guest
    ansible-controller: additions are required for forwarded ports, shared folders, host only
    ansible-controller: networking, and more. If SSH fails on this machine, please install
    ansible-controller: the guest additions and repackage the box to continue.
    ansible-controller:
    ansible-controller: This is not an error message; everything may continue to work properly,
    ansible-controller: in which case you may ignore this message.
==> ansible-controller: Setting hostname...
==> ansible-controller: Rsyncing folder: /cygdrive/c/vagrantproj/ => /vagrant
==> ansible-controller: Running provisioner: shell...
    ansible-controller: Running: inline script
    ansible-controller: Loaded plugins: fastestmirror
    ansible-controller: Determining fastest mirrors
    ansible-controller: Could not retrieve mirrorlist http://mirrorlist.centos.org/?release=7&arch=x86_64&repo=os&infra=vag error was
    ansible-controller: 14: curl#6 - "Could not resolve host: mirrorlist.centos.org; Unknown error"
    ansible-controller:
    ansible-controller:
    ansible-controller:  One of the configured repositories failed (Unknown),
    ansible-controller:  and yum doesn't have enough cached data to continue. At this point the only
    ansible-controller:  safe thing yum can do is fail. There are a few ways to work "fix" this:
    ansible-controller:
    ansible-controller:      1. Contact the upstream for the repository and get them to fix the problem.
    ansible-controller:
    ansible-controller:      2. Reconfigure the baseurl/etc. for the repository, to point to a working
    ansible-controller:         upstream. This is most often useful if you are using a newer
    ansible-controller:         distribution release than is supported by the repository (and the
    ansible-controller:         packages for the previous distribution release still work).
    ansible-controller:
    ansible-controller:      3. Run the command with the repository temporarily disabled
    ansible-controller:             yum --disablerepo=<repoid> ...
    ansible-controller:
    ansible-controller:      4. Disable the repository permanently, so yum won't use it by default. Yum
    ansible-controller:         will then just ignore the repository until you permanently enable it
    ansible-controller:         again or use --enablerepo for temporary usage:
    ansible-controller:
    ansible-controller:             yum-config-manager --disable <repoid>
    ansible-controller:         or
    ansible-controller:             subscription-manager repos --disable=<repoid>
    ansible-controller:
    ansible-controller:      5. Configure the failing repository to be skipped, if it is unavailable.
    ansible-controller:         Note that yum will try to contact the repo. when it runs most commands,
    ansible-controller:         so will have to try and fail each time (and thus. yum will be be much
    ansible-controller:         slower). If it is a very temporary problem though, this is often a nice
    ansible-controller:         compromise:
    ansible-controller:
    ansible-controller:             yum-config-manager --save --setopt=<repoid>.skip_if_unavailable=true
    ansible-controller:
    ansible-controller: Cannot find a valid baseurl for repo: base/7/x86_64
    ansible-controller: Loaded plugins: fastestmirror
    ansible-controller: Loading mirror speeds from cached hostfile
    ansible-controller: Could not retrieve mirrorlist http://mirrorlist.centos.org/?release=7&arch=x86_64&repo=os&infra=vag error was
    ansible-controller: 14: curl#6 - "Could not resolve host: mirrorlist.centos.org; Unknown error"
    ansible-controller:
    ansible-controller:
    ansible-controller:  One of the configured repositories failed (Unknown),
    ansible-controller:  and yum doesn't have enough cached data to continue. At this point the only
    ansible-controller:  safe thing yum can do is fail. There are a few ways to work "fix" this:
    ansible-controller:
    ansible-controller:      1. Contact the upstream for the repository and get them to fix the problem.
    ansible-controller:
    ansible-controller:      2. Reconfigure the baseurl/etc. for the repository, to point to a working
    ansible-controller:         upstream. This is most often useful if you are using a newer
    ansible-controller:         distribution release than is supported by the repository (and the
    ansible-controller:         packages for the previous distribution release still work).
    ansible-controller:
    ansible-controller:      3. Run the command with the repository temporarily disabled
    ansible-controller:             yum --disablerepo=<repoid> ...
    ansible-controller:
    ansible-controller:      4. Disable the repository permanently, so yum won't use it by default. Yum
    ansible-controller:         will then just ignore the repository until you permanently enable it
    ansible-controller:         again or use --enablerepo for temporary usage:
    ansible-controller:
    ansible-controller:             yum-config-manager --disable <repoid>
    ansible-controller:         or
    ansible-controller:             subscription-manager repos --disable=<repoid>
    ansible-controller:
    ansible-controller:      5. Configure the failing repository to be skipped, if it is unavailable.
    ansible-controller:         Note that yum will try to contact the repo. when it runs most commands,
    ansible-controller:         so will have to try and fail each time (and thus. yum will be be much
    ansible-controller:         slower). If it is a very temporary problem though, this is often a nice
    ansible-controller:         compromise:
    ansible-controller:
    ansible-controller:             yum-config-manager --save --setopt=<repoid>.skip_if_unavailable=true
    ansible-controller:
    ansible-controller: Cannot find a valid baseurl for repo: base/7/x86_64
The SSH command responded with a non-zero exit status. Vagrant
assumes that this means the command failed. The output for this command
should be in the log above. Please read the output to determine what
went wrong.
PS C:\vagrantproj\ansible-controller> vagrant ssh
[vagrant@controller ~]$ sudo vi /etc/resolv.conf
[vagrant@controller ~]$ ping google.com
PING google.com (142.251.43.142) 56(84) bytes of data.
64 bytes from lcmaaa-aq-in-f14.1e100.net (142.251.43.142): icmp_seq=1 ttl=116 time=17.4 ms
64 bytes from lcmaaa-aq-in-f14.1e100.net (142.251.43.142): icmp_seq=2 ttl=116 time=17.7 ms
64 bytes from lcmaaa-aq-in-f14.1e100.net (142.251.43.142): icmp_seq=3 ttl=116 time=18.3 ms
64 bytes from lcmaaa-aq-in-f14.1e100.net (142.251.43.142): icmp_seq=4 ttl=116 time=17.7 ms
64 bytes from lcmaaa-aq-in-f14.1e100.net (142.251.43.142): icmp_seq=5 ttl=116 time=17.5 ms
64 bytes from lcmaaa-aq-in-f14.1e100.net (142.251.43.142): icmp_seq=6 ttl=116 time=17.9 ms
64 bytes from lcmaaa-aq-in-f14.1e100.net (142.251.43.142): icmp_seq=7 ttl=116 time=18.1 ms
64 bytes from lcmaaa-aq-in-f14.1e100.net (142.251.43.142): icmp_seq=8 ttl=116 time=17.5 ms
64 bytes from lcmaaa-aq-in-f14.1e100.net (142.251.43.142): icmp_seq=9 ttl=116 time=17.6 ms
64 bytes from lcmaaa-aq-in-f14.1e100.net (142.251.43.142): icmp_seq=10 ttl=116 time=17.4 ms
64 bytes from lcmaaa-aq-in-f14.1e100.net (142.251.43.142): icmp_seq=11 ttl=116 time=17.0 ms
64 bytes from lcmaaa-aq-in-f14.1e100.net (142.251.43.142): icmp_seq=12 ttl=116 time=18.0 ms
64 bytes from lcmaaa-aq-in-f14.1e100.net (142.251.43.142): icmp_seq=13 ttl=116 time=17.6 ms
^C
--- google.com ping statistics ---
13 packets transmitted, 13 received, 0% packet loss, time 12035ms
rtt min/avg/max/mdev = 17.078/17.717/18.356/0.366 ms
[vagrant@controller ~]$
PS C:\vagrantproj\ansible-controller> sudo vi /etc/yum.repos.d/CentOS-Base.repo
[vagrant@controller ~]$ sudo yum clean all
Loaded plugins: fastestmirror
Cleaning repos: base extras updates
Cleaning up list of fastest mirrors
[vagrant@controller ~]$ sudo yum install epel-release -y
Loaded plugins: fastestmirror
Determining fastest mirrors
base                                                                           | 3.6 kB  00:00:00
extras                                                                         | 2.9 kB  00:00:00
updates                                                                        | 2.9 kB  00:00:00
(1/4): extras/primary_db                                                       | 253 kB  00:00:00
(2/4): base/group_gz                                                           | 153 kB  00:00:00
(3/4): base/primary_db                                                         | 6.1 MB  00:00:01
(4/4): updates/primary_db                                                      |  27 MB  00:00:02
Resolving Dependencies
--> Running transaction check
---> Package epel-release.noarch 0:7-11 will be installed
--> Finished Dependency Resolution

Dependencies Resolved

======================================================================================================
 Package                     Arch                  Version                Repository             Size
======================================================================================================
Installing:
 epel-release                noarch                7-11                   extras                 15 k

Transaction Summary
======================================================================================================
Install  1 Package

Total download size: 15 k
Installed size: 24 k
Downloading packages:
warning: /var/cache/yum/x86_64/7/extras/packages/epel-release-7-11.noarch.rpm: Header V3 RSA/SHA256 Signature, key ID f4a80eb5: NOKEY
Public key for epel-release-7-11.noarch.rpm is not installed
epel-release-7-11.noarch.rpm                                                   |  15 kB  00:00:00
Retrieving key from file:///etc/pki/rpm-gpg/RPM-GPG-KEY-CentOS-7
Importing GPG key 0xF4A80EB5:
 Userid     : "CentOS-7 Key (CentOS 7 Official Signing Key) <security@centos.org>"
 Fingerprint: 6341 ab27 53d7 8a78 a7c2 7bb1 24c6 a8a7 f4a8 0eb5
 Package    : centos-release-7-8.2003.0.el7.centos.x86_64 (@anaconda)
 From       : /etc/pki/rpm-gpg/RPM-GPG-KEY-CentOS-7
Running transaction check
Running transaction test
Transaction test succeeded
Running transaction
  Installing : epel-release-7-11.noarch                                                           1/1
  Verifying  : epel-release-7-11.noarch                                                           1/1

Installed:
  epel-release.noarch 0:7-11

Complete!
[vagrant@controller ~]$ ssh-keygen
Generating public/private rsa key pair.
Enter file in which to save the key (/home/vagrant/.ssh/id_rsa):
Enter passphrase (empty for no passphrase):
Enter same passphrase again:
Your identification has been saved in /home/vagrant/.ssh/id_rsa.
Your public key has been saved in /home/vagrant/.ssh/id_rsa.pub.
The key fingerprint is:
SHA256:ibk9rL6Ftybfl0lUKNCA6PPn1TUYgmde1blVcPzIKzA vagrant@controller
The key's randomart image is:
+---[RSA 2048]----+
|     . .o=   oo+=|
|    . . . * + .o+|
|   .     + + = .+|
|    o  o .E o =..|
|     oo S  = . o |
|      .=. . + .  |
|      oo*. . +   |
|      .+o+  +    |
|     .+=o ..     |
+----[SHA256]-----+
[vagrant@controller ~]$ cd ~/.ssh
[vagrant@controller .ssh]$ ls
authorized_keys  id_rsa  id_rsa.pub
[vagrant@controller .ssh]$ cat id_rsa.pub
ssh-rsa AAAAB3NzaC1yc2EAAAADAQABAAABAQC6NXAUDOR08SUZbpTwEQ9Gjdl4KC9VmUwneb/FPji3pZicm5cyErkiw3LarES9vOU2INMe3lEszs7TBkIJddOXu9TGsFZ7w5J3ExrK2Mc4LinIrISoQ/wr1XxIis6bT0tpMxa/98uxVsf2knaOmC36/wVpWvc855YUq42X9XqHAAiGOcWUQ7ze8ZiWWaOvh4xwOevVlAOo/xOLRYX80YywdvNZGCgxDbdJ2TKnKDOQOub8q+FTuQKfanN6xkNBVB4TwnpQtUl/cCQ1k3YMUjqH7SY6DSFqu3PxrOoP7X13jJBJdkJtX3sbg2osbS8ya29tffV9pWo85ampZXCFOJ7x vagrant@controller
[vagrant@controller .ssh]$ exit
logout

[process exited with code 2 (0x00000002)]
You can now close this terminal with Ctrl+D, or press Enter to restart.
Windows PowerShell
Copyright (C) Microsoft Corporation. All rights reserved.

Install the latest PowerShell for new features and improvements! https://aka.ms/PSWindows

PS C:\vagrantproj> cd ansible-controller
PS C:\vagrantproj\ansible-controller> vagrant validate
Vagrantfile validated successfully.
PS C:\vagrantproj\ansible-controller> vagrant up
Bringing machine 'ansible-controller' up with 'virtualbox' provider...
==> ansible-controller: Checking if box 'centos/7' version '2004.01' is up to date...
==> ansible-controller: Machine already provisioned. Run `vagrant provision` or use the `--provision`
==> ansible-controller: flag to force provisioning. Provisioners marked to run always will still run.
PS C:\vagrantproj\ansible-controller> vagrant provision
==> ansible-controller: Running provisioner: shell...
    ansible-controller: Running: inline script
    ansible-controller: Loaded plugins: fastestmirror
    ansible-controller: Loading mirror speeds from cached hostfile
    ansible-controller:  * epel: d2lzkl7pfhq30w.cloudfront.net
    ansible-controller: https://mirrors.hostiserver.com/fedora/archive/epel/7/x86_64/repodata/8b9b4a93a490a3787b09f182250cbaba737fc9c51bc560beecf33988d1abce01-primary.sqlite.gz: [Errno 14] HTTPS Error 404 - Not Found
    ansible-controller: Trying other mirror.
    ansible-controller: To address this issue please refer to the below wiki article
    ansible-controller:
    ansible-controller: https://wiki.centos.org/yum-errors
    ansible-controller:
    ansible-controller: If above article doesn't help to resolve this issue please use https://bugs.centos.org/.
    ansible-controller:
    ansible-controller: Resolving Dependencies
    ansible-controller: --> Running transaction check
    ansible-controller: ---> Package epel-release.noarch 0:7-11 will be updated
    ansible-controller: ---> Package epel-release.noarch 0:7-14 will be an update
    ansible-controller: --> Finished Dependency Resolution
    ansible-controller:
    ansible-controller: Dependencies Resolved
    ansible-controller:
    ansible-controller: ================================================================================
    ansible-controller:  Package                Arch             Version           Repository      Size
    ansible-controller: ================================================================================
    ansible-controller: Updating:
    ansible-controller:  epel-release           noarch           7-14              epel            15 k
    ansible-controller:
    ansible-controller: Transaction Summary
    ansible-controller: ================================================================================
    ansible-controller: Upgrade  1 Package
    ansible-controller:
    ansible-controller: Total download size: 15 k
    ansible-controller: Downloading packages:
    ansible-controller: Public key for epel-release-7-14.noarch.rpm is not installed
    ansible-controller: warning: /var/cache/yum/x86_64/7/epel/packages/epel-release-7-14.noarch.rpm: Header V4 RSA/SHA256 Signature, key ID 352c64e5: NOKEY
    ansible-controller: Retrieving key from file:///etc/pki/rpm-gpg/RPM-GPG-KEY-EPEL-7
    ansible-controller: Importing GPG key 0x352C64E5:
    ansible-controller:  Userid     : "Fedora EPEL (7) <epel@fedoraproject.org>"
    ansible-controller:  Fingerprint: 91e9 7d7c 4a5e 96f1 7f3e 888f 6a2f aea2 352c 64e5
    ansible-controller:  Package    : epel-release-7-11.noarch (@extras)
    ansible-controller:  From       : /etc/pki/rpm-gpg/RPM-GPG-KEY-EPEL-7
    ansible-controller: Running transaction check
    ansible-controller: Running transaction test
    ansible-controller: Transaction test succeeded
    ansible-controller: Running transaction
    ansible-controller:   Updating   : epel-release-7-14.noarch                                     1/2
    ansible-controller:   Cleanup    : epel-release-7-11.noarch                                     2/2
    ansible-controller:   Verifying  : epel-release-7-14.noarch                                     1/2
    ansible-controller:   Verifying  : epel-release-7-11.noarch                                     2/2
    ansible-controller:
    ansible-controller: Updated:
    ansible-controller:   epel-release.noarch 0:7-14
    ansible-controller:
    ansible-controller: Complete!
    ansible-controller: Loaded plugins: fastestmirror
    ansible-controller: Loading mirror speeds from cached hostfile
    ansible-controller:  * epel: d2lzkl7pfhq30w.cloudfront.net
    ansible-controller: Resolving Dependencies
    ansible-controller: --> Running transaction check
    ansible-controller: ---> Package ansible.noarch 0:2.9.27-1.el7 will be installed
    ansible-controller: --> Processing Dependency: PyYAML for package: ansible-2.9.27-1.el7.noarch
    ansible-controller: --> Processing Dependency: python-httplib2 for package: ansible-2.9.27-1.el7.noarch
    ansible-controller: --> Processing Dependency: python-jinja2 for package: ansible-2.9.27-1.el7.noarch
    ansible-controller: --> Processing Dependency: python-paramiko for package: ansible-2.9.27-1.el7.noarch
    ansible-controller: --> Processing Dependency: python-setuptools for package: ansible-2.9.27-1.el7.noarch
    ansible-controller: --> Processing Dependency: python-six for package: ansible-2.9.27-1.el7.noarch
    ansible-controller: --> Processing Dependency: python2-cryptography for package: ansible-2.9.27-1.el7.noarch
    ansible-controller: --> Processing Dependency: python2-jmespath for package: ansible-2.9.27-1.el7.noarch
    ansible-controller: --> Processing Dependency: sshpass for package: ansible-2.9.27-1.el7.noarch
    ansible-controller: --> Running transaction check
    ansible-controller: ---> Package PyYAML.x86_64 0:3.10-11.el7 will be installed
    ansible-controller: --> Processing Dependency: libyaml-0.so.2()(64bit) for package: PyYAML-3.10-11.el7.x86_64
    ansible-controller: ---> Package python-jinja2.noarch 0:2.7.2-4.el7 will be installed
    ansible-controller: --> Processing Dependency: python-babel >= 0.8 for package: python-jinja2-2.7.2-4.el7.noarch
    ansible-controller: --> Processing Dependency: python-markupsafe for package: python-jinja2-2.7.2-4.el7.noarch
    ansible-controller: ---> Package python-paramiko.noarch 0:2.1.1-9.el7 will be installed
    ansible-controller: --> Processing Dependency: python2-pyasn1 for package: python-paramiko-2.1.1-9.el7.noarch
    ansible-controller: ---> Package python-setuptools.noarch 0:0.9.8-7.el7 will be installed
    ansible-controller: --> Processing Dependency: python-backports-ssl_match_hostname for package: python-setuptools-0.9.8-7.el7.noarch
    ansible-controller: ---> Package python-six.noarch 0:1.9.0-2.el7 will be installed
    ansible-controller: ---> Package python2-cryptography.x86_64 0:1.7.2-2.el7 will be installed
    ansible-controller: --> Processing Dependency: python-idna >= 2.0 for package: python2-cryptography-1.7.2-2.el7.x86_64
    ansible-controller: --> Processing Dependency: python-cffi >= 1.4.1 for package: python2-cryptography-1.7.2-2.el7.x86_64
    ansible-controller: --> Processing Dependency: python-ipaddress for package: python2-cryptography-1.7.2-2.el7.x86_64
    ansible-controller: --> Processing Dependency: python-enum34 for package: python2-cryptography-1.7.2-2.el7.x86_64
    ansible-controller: ---> Package python2-httplib2.noarch 0:0.18.1-3.el7 will be installed
    ansible-controller: ---> Package python2-jmespath.noarch 0:0.9.4-2.el7 will be installed
    ansible-controller: ---> Package sshpass.x86_64 0:1.06-2.el7 will be installed
    ansible-controller: --> Running transaction check
    ansible-controller: ---> Package libyaml.x86_64 0:0.1.4-11.el7_0 will be installed
    ansible-controller: ---> Package python-babel.noarch 0:0.9.6-8.el7 will be installed
    ansible-controller: ---> Package python-backports-ssl_match_hostname.noarch 0:3.5.0.1-1.el7 will be installed
    ansible-controller: --> Processing Dependency: python-backports for package: python-backports-ssl_match_hostname-3.5.0.1-1.el7.noarch
    ansible-controller: ---> Package python-cffi.x86_64 0:1.6.0-5.el7 will be installed
    ansible-controller: --> Processing Dependency: python-pycparser for package: python-cffi-1.6.0-5.el7.x86_64
    ansible-controller: ---> Package python-enum34.noarch 0:1.0.4-1.el7 will be installed
    ansible-controller: ---> Package python-idna.noarch 0:2.4-1.el7 will be installed
    ansible-controller: ---> Package python-ipaddress.noarch 0:1.0.16-2.el7 will be installed
    ansible-controller: ---> Package python-markupsafe.x86_64 0:0.11-10.el7 will be installed
    ansible-controller: ---> Package python2-pyasn1.noarch 0:0.1.9-7.el7 will be installed
    ansible-controller: --> Running transaction check
    ansible-controller: ---> Package python-backports.x86_64 0:1.0-8.el7 will be installed
    ansible-controller: ---> Package python-pycparser.noarch 0:2.14-1.el7 will be installed
    ansible-controller: --> Processing Dependency: python-ply for package: python-pycparser-2.14-1.el7.noarch
    ansible-controller: --> Running transaction check
    ansible-controller: ---> Package python-ply.noarch 0:3.4-11.el7 will be installed
    ansible-controller: --> Finished Dependency Resolution
    ansible-controller:
    ansible-controller: Dependencies Resolved
    ansible-controller:
    ansible-controller: ================================================================================
    ansible-controller:  Package                               Arch     Version          Repository
    ansible-controller:                                                                            Size
    ansible-controller: ================================================================================
    ansible-controller: Installing:
    ansible-controller:  ansible                               noarch   2.9.27-1.el7     epel      17 M
    ansible-controller: Installing for dependencies:
    ansible-controller:  PyYAML                                x86_64   3.10-11.el7      base     153 k
    ansible-controller:  libyaml                               x86_64   0.1.4-11.el7_0   base      55 k
    ansible-controller:  python-babel                          noarch   0.9.6-8.el7      base     1.4 M
    ansible-controller:  python-backports                      x86_64   1.0-8.el7        base     5.8 k
    ansible-controller:  python-backports-ssl_match_hostname   noarch   3.5.0.1-1.el7    base      13 k
    ansible-controller:  python-cffi                           x86_64   1.6.0-5.el7      base     218 k
    ansible-controller:  python-enum34                         noarch   1.0.4-1.el7      base      52 k
    ansible-controller:  python-idna                           noarch   2.4-1.el7        base      94 k
    ansible-controller:  python-ipaddress                      noarch   1.0.16-2.el7     base      34 k
    ansible-controller:  python-jinja2                         noarch   2.7.2-4.el7      base     519 k
    ansible-controller:  python-markupsafe                     x86_64   0.11-10.el7      base      25 k
    ansible-controller:  python-paramiko                       noarch   2.1.1-9.el7      base     269 k
    ansible-controller:  python-ply                            noarch   3.4-11.el7       base     123 k
    ansible-controller:  python-pycparser                      noarch   2.14-1.el7       base     104 k
    ansible-controller:  python-setuptools                     noarch   0.9.8-7.el7      base     397 k
    ansible-controller:  python-six                            noarch   1.9.0-2.el7      base      29 k
    ansible-controller:  python2-cryptography                  x86_64   1.7.2-2.el7      base     502 k
    ansible-controller:  python2-httplib2                      noarch   0.18.1-3.el7     epel     125 k
    ansible-controller:  python2-jmespath                      noarch   0.9.4-2.el7      epel      41 k
    ansible-controller:  python2-pyasn1                        noarch   0.1.9-7.el7      base     100 k
    ansible-controller:  sshpass                               x86_64   1.06-2.el7       extras    21 k
    ansible-controller:
    ansible-controller: Transaction Summary
    ansible-controller: ================================================================================
    ansible-controller: Install  1 Package (+21 Dependent packages)
    ansible-controller:
    ansible-controller: Total download size: 21 M
    ansible-controller: Installed size: 122 M
    ansible-controller: Downloading packages:
    ansible-controller: --------------------------------------------------------------------------------
    ansible-controller: Total                                              2.7 MB/s |  21 MB  00:07
    ansible-controller: Running transaction check
    ansible-controller: Running transaction test
    ansible-controller: Transaction test succeeded
    ansible-controller: Running transaction
    ansible-controller:   Installing : python2-pyasn1-0.1.9-7.el7.noarch                           1/22
    ansible-controller:   Installing : python-ipaddress-1.0.16-2.el7.noarch                        2/22
    ansible-controller:   Installing : python-six-1.9.0-2.el7.noarch                               3/22
    ansible-controller:   Installing : sshpass-1.06-2.el7.x86_64                                   4/22
    ansible-controller:   Installing : libyaml-0.1.4-11.el7_0.x86_64                               5/22
    ansible-controller:   Installing : PyYAML-3.10-11.el7.x86_64                                   6/22
    ansible-controller:   Installing : python-backports-1.0-8.el7.x86_64                           7/22
    ansible-controller:   Installing : python-backports-ssl_match_hostname-3.5.0.1-1.el7.noarch    8/22
    ansible-controller:   Installing : python-setuptools-0.9.8-7.el7.noarch                        9/22
    ansible-controller:   Installing : python2-httplib2-0.18.1-3.el7.noarch                       10/22
    ansible-controller:   Installing : python-babel-0.9.6-8.el7.noarch                            11/22
    ansible-controller:   Installing : python2-jmespath-0.9.4-2.el7.noarch                        12/22
    ansible-controller:   Installing : python-ply-3.4-11.el7.noarch                               13/22
    ansible-controller:   Installing : python-pycparser-2.14-1.el7.noarch                         14/22
    ansible-controller:   Installing : python-cffi-1.6.0-5.el7.x86_64                             15/22
    ansible-controller:   Installing : python-markupsafe-0.11-10.el7.x86_64                       16/22
    ansible-controller:   Installing : python-jinja2-2.7.2-4.el7.noarch                           17/22
    ansible-controller:   Installing : python-idna-2.4-1.el7.noarch                               18/22
    ansible-controller:   Installing : python-enum34-1.0.4-1.el7.noarch                           19/22
    ansible-controller:   Installing : python2-cryptography-1.7.2-2.el7.x86_64                    20/22
    ansible-controller:   Installing : python-paramiko-2.1.1-9.el7.noarch                         21/22
    ansible-controller:   Installing : ansible-2.9.27-1.el7.noarch                                22/22
    ansible-controller:   Verifying  : python-backports-ssl_match_hostname-3.5.0.1-1.el7.noarch    1/22
    ansible-controller:   Verifying  : python-enum34-1.0.4-1.el7.noarch                            2/22
    ansible-controller:   Verifying  : python-setuptools-0.9.8-7.el7.noarch                        3/22
    ansible-controller:   Verifying  : python-paramiko-2.1.1-9.el7.noarch                          4/22
    ansible-controller:   Verifying  : python-jinja2-2.7.2-4.el7.noarch                            5/22
    ansible-controller:   Verifying  : python-six-1.9.0-2.el7.noarch                               6/22
    ansible-controller:   Verifying  : python-idna-2.4-1.el7.noarch                                7/22
    ansible-controller:   Verifying  : python-markupsafe-0.11-10.el7.x86_64                        8/22
    ansible-controller:   Verifying  : python-ply-3.4-11.el7.noarch                                9/22
    ansible-controller:   Verifying  : ansible-2.9.27-1.el7.noarch                                10/22
    ansible-controller:   Verifying  : python2-jmespath-0.9.4-2.el7.noarch                        11/22
    ansible-controller:   Verifying  : python-babel-0.9.6-8.el7.noarch                            12/22
    ansible-controller:   Verifying  : python2-httplib2-0.18.1-3.el7.noarch                       13/22
    ansible-controller:   Verifying  : python-backports-1.0-8.el7.x86_64                          14/22
    ansible-controller:   Verifying  : python-cffi-1.6.0-5.el7.x86_64                             15/22
    ansible-controller:   Verifying  : python-pycparser-2.14-1.el7.noarch                         16/22
    ansible-controller:   Verifying  : libyaml-0.1.4-11.el7_0.x86_64                              17/22
    ansible-controller:   Verifying  : python-ipaddress-1.0.16-2.el7.noarch                       18/22
    ansible-controller:   Verifying  : sshpass-1.06-2.el7.x86_64                                  19/22
    ansible-controller:   Verifying  : python2-pyasn1-0.1.9-7.el7.noarch                          20/22
    ansible-controller:   Verifying  : PyYAML-3.10-11.el7.x86_64                                  21/22
    ansible-controller:   Verifying  : python2-cryptography-1.7.2-2.el7.x86_64                    22/22
    ansible-controller:
    ansible-controller: Installed:
    ansible-controller:   ansible.noarch 0:2.9.27-1.el7
    ansible-controller:
    ansible-controller: Dependency Installed:
    ansible-controller:   PyYAML.x86_64 0:3.10-11.el7
    ansible-controller:   libyaml.x86_64 0:0.1.4-11.el7_0
    ansible-controller:   python-babel.noarch 0:0.9.6-8.el7
    ansible-controller:   python-backports.x86_64 0:1.0-8.el7
    ansible-controller:   python-backports-ssl_match_hostname.noarch 0:3.5.0.1-1.el7
    ansible-controller:   python-cffi.x86_64 0:1.6.0-5.el7
    ansible-controller:   python-enum34.noarch 0:1.0.4-1.el7
    ansible-controller:   python-idna.noarch 0:2.4-1.el7
    ansible-controller:   python-ipaddress.noarch 0:1.0.16-2.el7
    ansible-controller:   python-jinja2.noarch 0:2.7.2-4.el7
    ansible-controller:   python-markupsafe.x86_64 0:0.11-10.el7
    ansible-controller:   python-paramiko.noarch 0:2.1.1-9.el7
    ansible-controller:   python-ply.noarch 0:3.4-11.el7
    ansible-controller:   python-pycparser.noarch 0:2.14-1.el7
    ansible-controller:   python-setuptools.noarch 0:0.9.8-7.el7
    ansible-controller:   python-six.noarch 0:1.9.0-2.el7
    ansible-controller:   python2-cryptography.x86_64 0:1.7.2-2.el7
    ansible-controller:   python2-httplib2.noarch 0:0.18.1-3.el7
    ansible-controller:   python2-jmespath.noarch 0:0.9.4-2.el7
    ansible-controller:   python2-pyasn1.noarch 0:0.1.9-7.el7
    ansible-controller:   sshpass.x86_64 0:1.06-2.el7
    ansible-controller:
    ansible-controller: Complete!
==> ansible-controller: Running provisioner: shell...
    ansible-controller: Running: inline script
    ansible-controller: Loaded plugins: fastestmirror
    ansible-controller: Loading mirror speeds from cached hostfile
    ansible-controller:  * epel: d2lzkl7pfhq30w.cloudfront.net
    ansible-controller: Package epel-release-7-14.noarch already installed and latest version
    ansible-controller: Nothing to do
    ansible-controller: Loaded plugins: fastestmirror
    ansible-controller: Loading mirror speeds from cached hostfile
    ansible-controller:  * epel: d2lzkl7pfhq30w.cloudfront.net
    ansible-controller: Package ansible-2.9.27-1.el7.noarch already installed and latest version
    ansible-controller: Nothing to do
PS C:\vagrantproj\ansible-controller> vagrant ssh
Last login: Mon May 19 06:09:47 2025 from 10.0.2.2
[vagrant@controller ~]$ ansible --version
ansible 2.9.27
  config file = /etc/ansible/ansible.cfg
  configured module search path = [u'/home/vagrant/.ansible/plugins/modules', u'/usr/share/ansible/plugins/modules']
  ansible python module location = /usr/lib/python2.7/site-packages/ansible
  executable location = /usr/bin/ansible
  python version = 2.7.5 (default, Apr  2 2020, 13:16:51) [GCC 4.8.5 20150623 (Red Hat 4.8.5-39)]
[vagrant@controller ~]$
